252 -4863 0
252 -4864 0
252 -4864 3
253 -4864 1
253 -4864 2
254 -4861 0
254 -4863 1
254 -4863 2
254 -4863 3
